<?xml version="1.0" encoding="UTF-8"?>
<TestRun id="af6e4d13-2be3-4161-a869-ae21e690271e" name="Admin@ITFRIEND 2011-05-14 09:54:07" runUser="ITFRIEND\Admin" xmlns="http://microsoft.com/schemas/VisualStudio/TeamTest/2006">
  <TestRunConfiguration name="Local Test Run" id="145f357c-e59c-40a1-b30a-a52e614f9885">
    <Description>This is a default test run configuration for a local test run.</Description>
    <Deployment runDeploymentRoot="D:\Learning\CNTT\SoftwareConstruction\SVN_New\Code\TUVANLAPTOP\TestResults\Admin_ITFRIEND 2011-05-14 09_54_07">
      <DeploymentItem filename="D:\Learning\CNTT\SoftwareConstruction\SVN_New\Code\TUVANLAPTOP\EStoreDAO\bin\Release\EStoreDAO.dll" />
      <DeploymentItem filename="D:\Learning\CNTT\SoftwareConstruction\SVN_New\Code\TUVANLAPTOP\EStoreBUS\bin\Release\EStoreBUS.dll" />
      <DeploymentItem filename="D:\Learning\CNTT\SoftwareConstruction\SVN_New\Code\TUVANLAPTOP\EStoreDTO\bin\Release\EStoreDTO.dll" />
    </Deployment>
    <TestTypeSpecific />
  </TestRunConfiguration>
  <ResultSummary outcome="Failed">
    <Counters total="1" executed="1" error="0" failed="1" timeout="0" aborted="0" inconclusive="0" passedButRunAborted="0" notRunnable="0" notExecuted="0" disconnected="0" warning="0" passed="0" completed="0" inProgress="0" pending="0" />
  </ResultSummary>
  <Times creation="2011-05-14T09:54:07.8750000+07:00" queuing="2011-05-14T09:54:08.2656250+07:00" start="2011-05-14T09:54:08.3125000+07:00" finish="2011-05-14T09:54:11.2343750+07:00" />
  <TestDefinitions>
    <UnitTest name="LayChiTietDongLaptopMoiNhatTest" storage="d:\learning\cntt\softwareconstruction\svn_new\code\tuvanlaptop\testestoreproject\bin\release\testestoreproject.dll" id="f460895f-5cd9-6685-f592-4f0c8290d7ee">
      <Css projectStructure="" iteration="" />
      <Owners>
        <Owner name="" />
      </Owners>
      <Execution id="4613b4ca-52e0-4800-8668-4cc0cd57fa49" />
      <TestMethod codeBase="D:\Learning\CNTT\SoftwareConstruction\SVN_New\Code\TUVANLAPTOP\TestEStoreProject\bin\Release\TestEStoreProject.dll" adapterTypeName="Microsoft.VisualStudio.TestTools.TestTypes.Unit.UnitTestAdapter, Microsoft.VisualStudio.QualityTools.Tips.UnitTest.Adapter, Version=9.0.0.0, Culture=neutral, PublicKeyToken=b03f5f7f11d50a3a" className="TestEStoreProject.myChiTietDongLaptopDAOTest, TestEStoreProject" name="LayChiTietDongLaptopMoiNhatTest" />
    </UnitTest>
  </TestDefinitions>
  <TestLists>
    <TestList name="Results Not in a List" id="8c84fa94-04c1-424b-9868-57a2d4851a1d" />
    <TestList name="All Loaded Results" id="19431567-8539-422a-85d7-44ee4e166bda" />
  </TestLists>
  <TestEntries>
    <TestEntry testId="f460895f-5cd9-6685-f592-4f0c8290d7ee" executionId="4613b4ca-52e0-4800-8668-4cc0cd57fa49" testListId="8c84fa94-04c1-424b-9868-57a2d4851a1d" />
  </TestEntries>
  <Results>
    <UnitTestResult executionId="4613b4ca-52e0-4800-8668-4cc0cd57fa49" testId="f460895f-5cd9-6685-f592-4f0c8290d7ee" testName="LayChiTietDongLaptopMoiNhatTest" computerName="ITFRIEND" duration="00:00:01.2864193" startTime="2011-05-14T09:54:08.2968750+07:00" endTime="2011-05-14T09:54:09.6718750+07:00" testType="13cdc9d9-ddb5-4fa4-a97d-d965ccfc6d4b" outcome="Failed" testListId="8c84fa94-04c1-424b-9868-57a2d4851a1d">
      <Output>
        <ErrorInfo>
          <Message>Assert.AreEqual failed. Expected:&lt;System.Collections.Generic.List`1[EStoreDTO.myChiTietDongLaptopDTO]&gt;. Actual:&lt;System.Collections.Generic.List`1[EStoreDTO.myChiTietDongLaptopDTO]&gt;. </Message>
          <StackTrace>   at TestEStoreProject.myChiTietDongLaptopDAOTest.LayChiTietDongLaptopMoiNhatTest() in D:\Learning\CNTT\SoftwareConstruction\SVN_New\Code\TUVANLAPTOP\TestEStoreProject\myChiTietDongLaptopDAOTest.cs:line 85
</StackTrace>
        </ErrorInfo>
      </Output>
    </UnitTestResult>
  </Results>
</TestRun>